DEBUG - 2026-07-20 13:58:22 --> Session: Class initialized using 'CodeIgniter\Session\Handlers\FileHandler' driver.
DEBUG - 2026-07-20 13:58:28 --> Session: Class initialized using 'CodeIgniter\Session\Handlers\FileHandler' driver.
DEBUG - 2026-07-20 13:58:28 --> Session: Class initialized using 'CodeIgniter\Session\Handlers\FileHandler' driver.
DEBUG - 2026-07-20 13:58:30 --> Session: Class initialized using 'CodeIgniter\Session\Handlers\FileHandler' driver.
DEBUG - 2026-07-20 13:58:32 --> Session: Class initialized using 'CodeIgniter\Session\Handlers\FileHandler' driver.
DEBUG - 2026-07-20 13:58:32 --> Session: Class initialized using 'CodeIgniter\Session\Handlers\FileHandler' driver.
DEBUG - 2026-07-20 13:58:37 --> Session: Class initialized using 'CodeIgniter\Session\Handlers\FileHandler' driver.
DEBUG - 2026-07-20 13:58:41 --> Session: Class initialized using 'CodeIgniter\Session\Handlers\FileHandler' driver.
DEBUG - 2026-07-20 13:58:43 --> Session: Class initialized using 'CodeIgniter\Session\Handlers\FileHandler' driver.
DEBUG - 2026-07-20 13:58:45 --> Session: Class initialized using 'CodeIgniter\Session\Handlers\FileHandler' driver.
DEBUG - 2026-07-20 14:00:35 --> Session: Class initialized using 'CodeIgniter\Session\Handlers\FileHandler' driver.
DEBUG - 2026-07-20 14:00:35 --> Session: Class initialized using 'CodeIgniter\Session\Handlers\FileHandler' driver.
DEBUG - 2026-07-20 14:00:39 --> Session: Class initialized using 'CodeIgniter\Session\Handlers\FileHandler' driver.
DEBUG - 2026-07-20 14:00:41 --> Session: Class initialized using 'CodeIgniter\Session\Handlers\FileHandler' driver.
DEBUG - 2026-07-20 14:00:41 --> Session: Class initialized using 'CodeIgniter\Session\Handlers\FileHandler' driver.
DEBUG - 2026-07-20 14:00:46 --> Session: Class initialized using 'CodeIgniter\Session\Handlers\FileHandler' driver.
DEBUG - 2026-07-20 14:00:47 --> Session: Class initialized using 'CodeIgniter\Session\Handlers\FileHandler' driver.
DEBUG - 2026-07-20 14:00:50 --> Session: Class initialized using 'CodeIgniter\Session\Handlers\FileHandler' driver.
DEBUG - 2026-07-20 14:00:51 --> Session: Class initialized using 'CodeIgniter\Session\Handlers\FileHandler' driver.
DEBUG - 2026-07-20 14:00:52 --> Session: Class initialized using 'CodeIgniter\Session\Handlers\FileHandler' driver.
DEBUG - 2026-07-20 14:00:52 --> Session: Class initialized using 'CodeIgniter\Session\Handlers\FileHandler' driver.
DEBUG - 2026-07-20 14:00:56 --> Session: Class initialized using 'CodeIgniter\Session\Handlers\FileHandler' driver.
DEBUG - 2026-07-20 14:01:12 --> Session: Class initialized using 'CodeIgniter\Session\Handlers\FileHandler' driver.
DEBUG - 2026-07-20 14:01:12 --> Session: Class initialized using 'CodeIgniter\Session\Handlers\FileHandler' driver.
DEBUG - 2026-07-20 14:01:14 --> Session: Class initialized using 'CodeIgniter\Session\Handlers\FileHandler' driver.
DEBUG - 2026-07-20 14:01:14 --> Session: Class initialized using 'CodeIgniter\Session\Handlers\FileHandler' driver.
DEBUG - 2026-07-20 14:01:25 --> Session: Class initialized using 'CodeIgniter\Session\Handlers\FileHandler' driver.
DEBUG - 2026-07-20 14:01:25 --> Session: Class initialized using 'CodeIgniter\Session\Handlers\FileHandler' driver.
DEBUG - 2026-07-20 14:01:29 --> Session: Class initialized using 'CodeIgniter\Session\Handlers\FileHandler' driver.
DEBUG - 2026-07-20 14:01:29 --> Session: Class initialized using 'CodeIgniter\Session\Handlers\FileHandler' driver.
DEBUG - 2026-07-20 14:01:36 --> Session: Class initialized using 'CodeIgniter\Session\Handlers\FileHandler' driver.
DEBUG - 2026-07-20 14:01:36 --> Session: Class initialized using 'CodeIgniter\Session\Handlers\FileHandler' driver.
DEBUG - 2026-07-20 14:01:38 --> Session: Class initialized using 'CodeIgniter\Session\Handlers\FileHandler' driver.
DEBUG - 2026-07-20 14:01:38 --> Session: Class initialized using 'CodeIgniter\Session\Handlers\FileHandler' driver.
DEBUG - 2026-07-20 14:01:45 --> Session: Class initialized using 'CodeIgniter\Session\Handlers\FileHandler' driver.
DEBUG - 2026-07-20 14:01:45 --> Session: Class initialized using 'CodeIgniter\Session\Handlers\FileHandler' driver.
DEBUG - 2026-07-20 14:01:48 --> Session: Class initialized using 'CodeIgniter\Session\Handlers\FileHandler' driver.
DEBUG - 2026-07-20 14:01:48 --> Session: Class initialized using 'CodeIgniter\Session\Handlers\FileHandler' driver.
DEBUG - 2026-07-20 14:01:53 --> Session: Class initialized using 'CodeIgniter\Session\Handlers\FileHandler' driver.
DEBUG - 2026-07-20 14:01:53 --> Session: Class initialized using 'CodeIgniter\Session\Handlers\FileHandler' driver.
DEBUG - 2026-07-20 14:01:55 --> Session: Class initialized using 'CodeIgniter\Session\Handlers\FileHandler' driver.
DEBUG - 2026-07-20 14:02:39 --> Session: Class initialized using 'CodeIgniter\Session\Handlers\FileHandler' driver.
DEBUG - 2026-07-20 14:02:41 --> Session: Class initialized using 'CodeIgniter\Session\Handlers\FileHandler' driver.
DEBUG - 2026-07-20 14:02:50 --> Session: Class initialized using 'CodeIgniter\Session\Handlers\FileHandler' driver.
DEBUG - 2026-07-20 14:02:51 --> Session: Class initialized using 'CodeIgniter\Session\Handlers\FileHandler' driver.
DEBUG - 2026-07-20 14:03:13 --> Session: Class initialized using 'CodeIgniter\Session\Handlers\FileHandler' driver.
DEBUG - 2026-07-20 14:03:13 --> Session: Class initialized using 'CodeIgniter\Session\Handlers\FileHandler' driver.
DEBUG - 2026-07-20 14:03:23 --> Session: Class initialized using 'CodeIgniter\Session\Handlers\FileHandler' driver.
DEBUG - 2026-07-20 14:03:23 --> Session: Class initialized using 'CodeIgniter\Session\Handlers\FileHandler' driver.
DEBUG - 2026-07-20 14:03:26 --> Session: Class initialized using 'CodeIgniter\Session\Handlers\FileHandler' driver.
DEBUG - 2026-07-20 14:03:29 --> Session: Class initialized using 'CodeIgniter\Session\Handlers\FileHandler' driver.
DEBUG - 2026-07-20 14:03:29 --> Session: Class initialized using 'CodeIgniter\Session\Handlers\FileHandler' driver.
DEBUG - 2026-07-20 14:04:12 --> Session: Class initialized using 'CodeIgniter\Session\Handlers\FileHandler' driver.
DEBUG - 2026-07-20 14:04:56 --> Session: Class initialized using 'CodeIgniter\Session\Handlers\FileHandler' driver.
DEBUG - 2026-07-20 14:05:11 --> Session: Class initialized using 'CodeIgniter\Session\Handlers\FileHandler' driver.
DEBUG - 2026-07-20 14:05:13 --> Session: Class initialized using 'CodeIgniter\Session\Handlers\FileHandler' driver.
DEBUG - 2026-07-20 14:05:17 --> Session: Class initialized using 'CodeIgniter\Session\Handlers\FileHandler' driver.
DEBUG - 2026-07-20 14:06:08 --> Session: Class initialized using 'CodeIgniter\Session\Handlers\FileHandler' driver.
DEBUG - 2026-07-20 14:06:11 --> Session: Class initialized using 'CodeIgniter\Session\Handlers\FileHandler' driver.
DEBUG - 2026-07-20 14:07:22 --> Session: Class initialized using 'CodeIgniter\Session\Handlers\FileHandler' driver.
DEBUG - 2026-07-20 14:07:23 --> Session: Class initialized using 'CodeIgniter\Session\Handlers\FileHandler' driver.
DEBUG - 2026-07-20 14:07:26 --> Session: Class initialized using 'CodeIgniter\Session\Handlers\FileHandler' driver.
DEBUG - 2026-07-20 14:07:32 --> Session: Class initialized using 'CodeIgniter\Session\Handlers\FileHandler' driver.
DEBUG - 2026-07-20 14:07:33 --> Session: Class initialized using 'CodeIgniter\Session\Handlers\FileHandler' driver.
DEBUG - 2026-07-20 14:07:35 --> Session: Class initialized using 'CodeIgniter\Session\Handlers\FileHandler' driver.
DEBUG - 2026-07-20 14:07:41 --> Session: Class initialized using 'CodeIgniter\Session\Handlers\FileHandler' driver.
DEBUG - 2026-07-20 14:07:42 --> Session: Class initialized using 'CodeIgniter\Session\Handlers\FileHandler' driver.
DEBUG - 2026-07-20 14:07:43 --> Session: Class initialized using 'CodeIgniter\Session\Handlers\FileHandler' driver.
DEBUG - 2026-07-20 14:07:47 --> Session: Class initialized using 'CodeIgniter\Session\Handlers\FileHandler' driver.
DEBUG - 2026-07-20 14:07:48 --> Session: Class initialized using 'CodeIgniter\Session\Handlers\FileHandler' driver.
DEBUG - 2026-07-20 14:07:51 --> Session: Class initialized using 'CodeIgniter\Session\Handlers\FileHandler' driver.
DEBUG - 2026-07-20 14:07:58 --> Session: Class initialized using 'CodeIgniter\Session\Handlers\FileHandler' driver.
DEBUG - 2026-07-20 14:08:01 --> Session: Class initialized using 'CodeIgniter\Session\Handlers\FileHandler' driver.
DEBUG - 2026-07-20 14:08:02 --> Session: Class initialized using 'CodeIgniter\Session\Handlers\FileHandler' driver.
DEBUG - 2026-07-20 14:08:03 --> Session: Class initialized using 'CodeIgniter\Session\Handlers\FileHandler' driver.
DEBUG - 2026-07-20 14:08:04 --> Session: Class initialized using 'CodeIgniter\Session\Handlers\FileHandler' driver.
DEBUG - 2026-07-20 14:08:05 --> Session: Class initialized using 'CodeIgniter\Session\Handlers\FileHandler' driver.
DEBUG - 2026-07-20 14:08:11 --> Session: Class initialized using 'CodeIgniter\Session\Handlers\FileHandler' driver.
DEBUG - 2026-07-20 14:08:17 --> Session: Class initialized using 'CodeIgniter\Session\Handlers\FileHandler' driver.
DEBUG - 2026-07-20 14:08:17 --> Session: Class initialized using 'CodeIgniter\Session\Handlers\FileHandler' driver.
DEBUG - 2026-07-20 14:08:19 --> Session: Class initialized using 'CodeIgniter\Session\Handlers\FileHandler' driver.
DEBUG - 2026-07-20 14:08:19 --> Session: Class initialized using 'CodeIgniter\Session\Handlers\FileHandler' driver.
DEBUG - 2026-07-20 14:08:21 --> Session: Class initialized using 'CodeIgniter\Session\Handlers\FileHandler' driver.
DEBUG - 2026-07-20 14:08:22 --> Session: Class initialized using 'CodeIgniter\Session\Handlers\FileHandler' driver.
DEBUG - 2026-07-20 14:08:22 --> Session: Class initialized using 'CodeIgniter\Session\Handlers\FileHandler' driver.
DEBUG - 2026-07-20 14:14:02 --> Session: Class initialized using 'CodeIgniter\Session\Handlers\FileHandler' driver.
DEBUG - 2026-07-20 14:14:03 --> Session: Class initialized using 'CodeIgniter\Session\Handlers\FileHandler' driver.
DEBUG - 2026-07-20 14:14:03 --> Session: Class initialized using 'CodeIgniter\Session\Handlers\FileHandler' driver.
DEBUG - 2026-07-20 14:16:32 --> Session: Class initialized using 'CodeIgniter\Session\Handlers\FileHandler' driver.
DEBUG - 2026-07-20 14:16:32 --> Session: Class initialized using 'CodeIgniter\Session\Handlers\FileHandler' driver.
DEBUG - 2026-07-20 14:16:35 --> Session: Class initialized using 'CodeIgniter\Session\Handlers\FileHandler' driver.
DEBUG - 2026-07-20 14:16:39 --> Session: Class initialized using 'CodeIgniter\Session\Handlers\FileHandler' driver.
DEBUG - 2026-07-20 14:16:41 --> Session: Class initialized using 'CodeIgniter\Session\Handlers\FileHandler' driver.
DEBUG - 2026-07-20 14:16:42 --> Session: Class initialized using 'CodeIgniter\Session\Handlers\FileHandler' driver.
DEBUG - 2026-07-20 14:16:46 --> Session: Class initialized using 'CodeIgniter\Session\Handlers\FileHandler' driver.
DEBUG - 2026-07-20 14:17:40 --> Session: Class initialized using 'CodeIgniter\Session\Handlers\FileHandler' driver.
DEBUG - 2026-07-20 14:17:43 --> Session: Class initialized using 'CodeIgniter\Session\Handlers\FileHandler' driver.
DEBUG - 2026-07-20 14:17:45 --> Session: Class initialized using 'CodeIgniter\Session\Handlers\FileHandler' driver.
DEBUG - 2026-07-20 14:17:48 --> Session: Class initialized using 'CodeIgniter\Session\Handlers\FileHandler' driver.
DEBUG - 2026-07-20 14:17:55 --> Session: Class initialized using 'CodeIgniter\Session\Handlers\FileHandler' driver.
DEBUG - 2026-07-20 14:17:56 --> Session: Class initialized using 'CodeIgniter\Session\Handlers\FileHandler' driver.
DEBUG - 2026-07-20 14:17:58 --> Session: Class initialized using 'CodeIgniter\Session\Handlers\FileHandler' driver.
DEBUG - 2026-07-20 14:18:51 --> Session: Class initialized using 'CodeIgniter\Session\Handlers\FileHandler' driver.
DEBUG - 2026-07-20 14:28:51 --> Session: Class initialized using 'CodeIgniter\Session\Handlers\FileHandler' driver.
DEBUG - 2026-07-20 14:28:53 --> Session: Class initialized using 'CodeIgniter\Session\Handlers\FileHandler' driver.
DEBUG - 2026-07-20 14:28:59 --> Session: Class initialized using 'CodeIgniter\Session\Handlers\FileHandler' driver.
DEBUG - 2026-07-20 14:29:08 --> Session: Class initialized using 'CodeIgniter\Session\Handlers\FileHandler' driver.
DEBUG - 2026-07-20 14:29:12 --> Session: Class initialized using 'CodeIgniter\Session\Handlers\FileHandler' driver.
DEBUG - 2026-07-20 14:29:37 --> Session: Class initialized using 'CodeIgniter\Session\Handlers\FileHandler' driver.
DEBUG - 2026-07-20 14:29:40 --> Session: Class initialized using 'CodeIgniter\Session\Handlers\FileHandler' driver.
DEBUG - 2026-07-20 14:30:18 --> Session: Class initialized using 'CodeIgniter\Session\Handlers\FileHandler' driver.
DEBUG - 2026-07-20 14:30:24 --> Session: Class initialized using 'CodeIgniter\Session\Handlers\FileHandler' driver.
DEBUG - 2026-07-20 14:30:53 --> Session: Class initialized using 'CodeIgniter\Session\Handlers\FileHandler' driver.
DEBUG - 2026-07-20 14:30:58 --> Session: Class initialized using 'CodeIgniter\Session\Handlers\FileHandler' driver.
DEBUG - 2026-07-20 14:33:02 --> Session: Class initialized using 'CodeIgniter\Session\Handlers\FileHandler' driver.
DEBUG - 2026-07-20 14:33:03 --> Session: Class initialized using 'CodeIgniter\Session\Handlers\FileHandler' driver.
DEBUG - 2026-07-20 14:35:25 --> Session: Class initialized using 'CodeIgniter\Session\Handlers\FileHandler' driver.
DEBUG - 2026-07-20 14:36:34 --> Session: Class initialized using 'CodeIgniter\Session\Handlers\FileHandler' driver.
DEBUG - 2026-07-20 14:36:49 --> Session: Class initialized using 'CodeIgniter\Session\Handlers\FileHandler' driver.
DEBUG - 2026-07-20 14:40:15 --> Session: Class initialized using 'CodeIgniter\Session\Handlers\FileHandler' driver.
ERROR - 2026-07-20 14:40:15 --> Unable to prepare statement: 1, row value misused
in SYSTEMPATH\Database\SQLite3\Connection.php on line 164.
 1 SYSTEMPATH\Database\SQLite3\Connection.php(164): SQLite3->query('SELECT `od`.`nom` as `operateur_nom`, `od`.`est_interne`, SUM(h.montant) as total_montant_brut, SUM(h.frais_bareme) as total_frais_bareme, COALESCE(cc.pourcentage_commission, 0) as pourcentage_commission, SUM(h.montant + (h.frais_bareme * (cc.pourcentage_commission, 0) / 100.0)) as total_a_envoyer, COUNT(h.id) as nombre_transfers
FROM `historique_transactions` `h`
JOIN `types_operations` `t` ON `t`.`id` = `h`.`type_operation_id`
JOIN `comptes_clients` `cs` ON `cs`.`id` = `h`.`compte_source_id`
LEFT JOIN `operateur_prefixes` `ops` ON `ops`.`prefixe` = substr(cs.numero_telephone, 1, 3) AND `ops`.`statut` = \'actif\'
LEFT JOIN `operateurs` `os` ON `os`.`id` = `ops`.`operateur_id`
JOIN `operateurs` `od` ON `od`.`id` = `h`.`operateur_destination_id`
LEFT JOIN `configuration_commissions` `cc` ON `cc`.`operateur_source_id` = `os`.`id` AND `cc`.`operateur_destination_id` = `od`.`id`
WHERE `t`.`code` = \'TRANSFERT\'
AND `os`.`est_interne` = 1
AND `od`.`est_interne` = 0
GROUP BY `od`.`id`, `od`.`nom`, `od`.`est_interne`, `cc`.`pourcentage_commission`')
 2 SYSTEMPATH\Database\BaseConnection.php(910): CodeIgniter\Database\SQLite3\Connection->execute('SELECT `od`.`nom` as `operateur_nom`, `od`.`est_interne`, SUM(h.montant) as total_montant_brut, SUM(h.frais_bareme) as total_frais_bareme, COALESCE(cc.pourcentage_commission, 0) as pourcentage_commission, SUM(h.montant + (h.frais_bareme * (cc.pourcentage_commission, 0) / 100.0)) as total_a_envoyer, COUNT(h.id) as nombre_transfers
FROM `historique_transactions` `h`
JOIN `types_operations` `t` ON `t`.`id` = `h`.`type_operation_id`
JOIN `comptes_clients` `cs` ON `cs`.`id` = `h`.`compte_source_id`
LEFT JOIN `operateur_prefixes` `ops` ON `ops`.`prefixe` = substr(cs.numero_telephone, 1, 3) AND `ops`.`statut` = \'actif\'
LEFT JOIN `operateurs` `os` ON `os`.`id` = `ops`.`operateur_id`
JOIN `operateurs` `od` ON `od`.`id` = `h`.`operateur_destination_id`
LEFT JOIN `configuration_commissions` `cc` ON `cc`.`operateur_source_id` = `os`.`id` AND `cc`.`operateur_destination_id` = `od`.`id`
WHERE `t`.`code` = \'TRANSFERT\'
AND `os`.`est_interne` = 1
AND `od`.`est_interne` = 0
GROUP BY `od`.`id`, `od`.`nom`, `od`.`est_interne`, `cc`.`pourcentage_commission`')
 3 SYSTEMPATH\Database\BaseConnection.php(827): CodeIgniter\Database\BaseConnection->simpleQuery('SELECT `od`.`nom` as `operateur_nom`, `od`.`est_interne`, SUM(h.montant) as total_montant_brut, SUM(h.frais_bareme) as total_frais_bareme, COALESCE(cc.pourcentage_commission, 0) as pourcentage_commission, SUM(h.montant + (h.frais_bareme * (cc.pourcentage_commission, 0) / 100.0)) as total_a_envoyer, COUNT(h.id) as nombre_transfers
FROM `historique_transactions` `h`
JOIN `types_operations` `t` ON `t`.`id` = `h`.`type_operation_id`
JOIN `comptes_clients` `cs` ON `cs`.`id` = `h`.`compte_source_id`
LEFT JOIN `operateur_prefixes` `ops` ON `ops`.`prefixe` = substr(cs.numero_telephone, 1, 3) AND `ops`.`statut` = \'actif\'
LEFT JOIN `operateurs` `os` ON `os`.`id` = `ops`.`operateur_id`
JOIN `operateurs` `od` ON `od`.`id` = `h`.`operateur_destination_id`
LEFT JOIN `configuration_commissions` `cc` ON `cc`.`operateur_source_id` = `os`.`id` AND `cc`.`operateur_destination_id` = `od`.`id`
WHERE `t`.`code` = \'TRANSFERT\'
AND `os`.`est_interne` = 1
AND `od`.`est_interne` = 0
GROUP BY `od`.`id`, `od`.`nom`, `od`.`est_interne`, `cc`.`pourcentage_commission`')
 4 SYSTEMPATH\Database\BaseBuilder.php(1649): CodeIgniter\Database\BaseConnection->query('SELECT `od`.`nom` as `operateur_nom`, `od`.`est_interne`, SUM(h.montant) as total_montant_brut, SUM(h.frais_bareme) as total_frais_bareme, COALESCE(cc.pourcentage_commission, 0) as pourcentage_commission, SUM(h.montant + (h.frais_bareme * (cc.pourcentage_commission, 0) / 100.0)) as total_a_envoyer, COUNT(h.id) as nombre_transfers
FROM `historique_transactions` `h`
JOIN `types_operations` `t` ON `t`.`id` = `h`.`type_operation_id`
JOIN `comptes_clients` `cs` ON `cs`.`id` = `h`.`compte_source_id`
LEFT JOIN `operateur_prefixes` `ops` ON `ops`.`prefixe` = substr(cs.numero_telephone, 1, 3) AND `ops`.`statut` = \'actif\'
LEFT JOIN `operateurs` `os` ON `os`.`id` = `ops`.`operateur_id`
JOIN `operateurs` `od` ON `od`.`id` = `h`.`operateur_destination_id`
LEFT JOIN `configuration_commissions` `cc` ON `cc`.`operateur_source_id` = `os`.`id` AND `cc`.`operateur_destination_id` = `od`.`id`
WHERE `t`.`code` = :t.code:
AND `os`.`est_interne` = :os.est_interne:
AND `od`.`est_interne` = :od.est_interne:
GROUP BY `od`.`id`, `od`.`nom`, `od`.`est_interne`, `cc`.`pourcentage_commission`', [...], false)
 5 APPPATH\Models\HistoriqueTransactionModel.php(155): CodeIgniter\Database\BaseBuilder->get()
 6 APPPATH\Controllers\Operateur.php(393): App\Models\HistoriqueTransactionModel->obtenirMontantsParOperateur()
 7 SYSTEMPATH\CodeIgniter.php(951): App\Controllers\Operateur->montant()
 8 SYSTEMPATH\CodeIgniter.php(497): CodeIgniter\CodeIgniter->runController(Object(App\Controllers\Operateur))
 9 SYSTEMPATH\CodeIgniter.php(340): CodeIgniter\CodeIgniter->handleRequest(null, Object(Config\Cache), false)
10 SYSTEMPATH\Boot.php(417): CodeIgniter\CodeIgniter->run()
11 SYSTEMPATH\Boot.php(68): CodeIgniter\Boot::runCodeIgniter(Object(CodeIgniter\CodeIgniter))
12 FCPATH\index.php(59): CodeIgniter\Boot::bootWeb(Object(Config\Paths))
13 SYSTEMPATH\rewrite.php(44): require_once('D:\\EXAMEN FINALE\\EXAMEN_FINAL_S4_BINOME\\public\\index.php')
CRITICAL - 2026-07-20 14:40:15 --> CodeIgniter\Database\Exceptions\DatabaseException: Unable to prepare statement: 1, row value misused
[Method: GET, Route: operateur/montant]
in SYSTEMPATH\Database\BaseConnection.php on line 865.
 1 SYSTEMPATH\Database\BaseBuilder.php(1649): CodeIgniter\Database\BaseConnection->query('SELECT `od`.`nom` as `operateur_nom`, `od`.`est_interne`, SUM(h.montant) as total_montant_brut, SUM(h.frais_bareme) as total_frais_bareme, COALESCE(cc.pourcentage_commission, 0) as pourcentage_commission, SUM(h.montant + (h.frais_bareme * (cc.pourcentage_commission, 0) / 100.0)) as total_a_envoyer, COUNT(h.id) as nombre_transfers
FROM `historique_transactions` `h`
JOIN `types_operations` `t` ON `t`.`id` = `h`.`type_operation_id`
JOIN `comptes_clients` `cs` ON `cs`.`id` = `h`.`compte_source_id`
LEFT JOIN `operateur_prefixes` `ops` ON `ops`.`prefixe` = substr(cs.numero_telephone, 1, 3) AND `ops`.`statut` = \'actif\'
LEFT JOIN `operateurs` `os` ON `os`.`id` = `ops`.`operateur_id`
JOIN `operateurs` `od` ON `od`.`id` = `h`.`operateur_destination_id`
LEFT JOIN `configuration_commissions` `cc` ON `cc`.`operateur_source_id` = `os`.`id` AND `cc`.`operateur_destination_id` = `od`.`id`
WHERE `t`.`code` = :t.code:
AND `os`.`est_interne` = :os.est_interne:
AND `od`.`est_interne` = :od.est_interne:
GROUP BY `od`.`id`, `od`.`nom`, `od`.`est_interne`, `cc`.`pourcentage_commission`', [...], false)
 2 APPPATH\Models\HistoriqueTransactionModel.php(155): CodeIgniter\Database\BaseBuilder->get()
 3 APPPATH\Controllers\Operateur.php(393): App\Models\HistoriqueTransactionModel->obtenirMontantsParOperateur()
 4 SYSTEMPATH\CodeIgniter.php(951): App\Controllers\Operateur->montant()
 5 SYSTEMPATH\CodeIgniter.php(497): CodeIgniter\CodeIgniter->runController(Object(App\Controllers\Operateur))
 6 SYSTEMPATH\CodeIgniter.php(340): CodeIgniter\CodeIgniter->handleRequest(null, Object(Config\Cache), false)
 7 SYSTEMPATH\Boot.php(417): CodeIgniter\CodeIgniter->run()
 8 SYSTEMPATH\Boot.php(68): CodeIgniter\Boot::runCodeIgniter(Object(CodeIgniter\CodeIgniter))
 9 FCPATH\index.php(59): CodeIgniter\Boot::bootWeb(Object(Config\Paths))
10 SYSTEMPATH\rewrite.php(44): require_once('D:\\EXAMEN FINALE\\EXAMEN_FINAL_S4_BINOME\\public\\index.php')
CRITICAL - 2026-07-20 14:40:15 --> [Caused by] CodeIgniter\Database\Exceptions\DatabaseException: Unable to prepare statement: 1, row value misused
in SYSTEMPATH\Database\SQLite3\Connection.php on line 174.
 1 SYSTEMPATH\Database\BaseConnection.php(910): CodeIgniter\Database\SQLite3\Connection->execute('SELECT `od`.`nom` as `operateur_nom`, `od`.`est_interne`, SUM(h.montant) as total_montant_brut, SUM(h.frais_bareme) as total_frais_bareme, COALESCE(cc.pourcentage_commission, 0) as pourcentage_commission, SUM(h.montant + (h.frais_bareme * (cc.pourcentage_commission, 0) / 100.0)) as total_a_envoyer, COUNT(h.id) as nombre_transfers
FROM `historique_transactions` `h`
JOIN `types_operations` `t` ON `t`.`id` = `h`.`type_operation_id`
JOIN `comptes_clients` `cs` ON `cs`.`id` = `h`.`compte_source_id`
LEFT JOIN `operateur_prefixes` `ops` ON `ops`.`prefixe` = substr(cs.numero_telephone, 1, 3) AND `ops`.`statut` = \'actif\'
LEFT JOIN `operateurs` `os` ON `os`.`id` = `ops`.`operateur_id`
JOIN `operateurs` `od` ON `od`.`id` = `h`.`operateur_destination_id`
LEFT JOIN `configuration_commissions` `cc` ON `cc`.`operateur_source_id` = `os`.`id` AND `cc`.`operateur_destination_id` = `od`.`id`
WHERE `t`.`code` = \'TRANSFERT\'
AND `os`.`est_interne` = 1
AND `od`.`est_interne` = 0
GROUP BY `od`.`id`, `od`.`nom`, `od`.`est_interne`, `cc`.`pourcentage_commission`')
 2 SYSTEMPATH\Database\BaseConnection.php(827): CodeIgniter\Database\BaseConnection->simpleQuery('SELECT `od`.`nom` as `operateur_nom`, `od`.`est_interne`, SUM(h.montant) as total_montant_brut, SUM(h.frais_bareme) as total_frais_bareme, COALESCE(cc.pourcentage_commission, 0) as pourcentage_commission, SUM(h.montant + (h.frais_bareme * (cc.pourcentage_commission, 0) / 100.0)) as total_a_envoyer, COUNT(h.id) as nombre_transfers
FROM `historique_transactions` `h`
JOIN `types_operations` `t` ON `t`.`id` = `h`.`type_operation_id`
JOIN `comptes_clients` `cs` ON `cs`.`id` = `h`.`compte_source_id`
LEFT JOIN `operateur_prefixes` `ops` ON `ops`.`prefixe` = substr(cs.numero_telephone, 1, 3) AND `ops`.`statut` = \'actif\'
LEFT JOIN `operateurs` `os` ON `os`.`id` = `ops`.`operateur_id`
JOIN `operateurs` `od` ON `od`.`id` = `h`.`operateur_destination_id`
LEFT JOIN `configuration_commissions` `cc` ON `cc`.`operateur_source_id` = `os`.`id` AND `cc`.`operateur_destination_id` = `od`.`id`
WHERE `t`.`code` = \'TRANSFERT\'
AND `os`.`est_interne` = 1
AND `od`.`est_interne` = 0
GROUP BY `od`.`id`, `od`.`nom`, `od`.`est_interne`, `cc`.`pourcentage_commission`')
 3 SYSTEMPATH\Database\BaseBuilder.php(1649): CodeIgniter\Database\BaseConnection->query('SELECT `od`.`nom` as `operateur_nom`, `od`.`est_interne`, SUM(h.montant) as total_montant_brut, SUM(h.frais_bareme) as total_frais_bareme, COALESCE(cc.pourcentage_commission, 0) as pourcentage_commission, SUM(h.montant + (h.frais_bareme * (cc.pourcentage_commission, 0) / 100.0)) as total_a_envoyer, COUNT(h.id) as nombre_transfers
FROM `historique_transactions` `h`
JOIN `types_operations` `t` ON `t`.`id` = `h`.`type_operation_id`
JOIN `comptes_clients` `cs` ON `cs`.`id` = `h`.`compte_source_id`
LEFT JOIN `operateur_prefixes` `ops` ON `ops`.`prefixe` = substr(cs.numero_telephone, 1, 3) AND `ops`.`statut` = \'actif\'
LEFT JOIN `operateurs` `os` ON `os`.`id` = `ops`.`operateur_id`
JOIN `operateurs` `od` ON `od`.`id` = `h`.`operateur_destination_id`
LEFT JOIN `configuration_commissions` `cc` ON `cc`.`operateur_source_id` = `os`.`id` AND `cc`.`operateur_destination_id` = `od`.`id`
WHERE `t`.`code` = :t.code:
AND `os`.`est_interne` = :os.est_interne:
AND `od`.`est_interne` = :od.est_interne:
GROUP BY `od`.`id`, `od`.`nom`, `od`.`est_interne`, `cc`.`pourcentage_commission`', [...], false)
 4 APPPATH\Models\HistoriqueTransactionModel.php(155): CodeIgniter\Database\BaseBuilder->get()
 5 APPPATH\Controllers\Operateur.php(393): App\Models\HistoriqueTransactionModel->obtenirMontantsParOperateur()
 6 SYSTEMPATH\CodeIgniter.php(951): App\Controllers\Operateur->montant()
 7 SYSTEMPATH\CodeIgniter.php(497): CodeIgniter\CodeIgniter->runController(Object(App\Controllers\Operateur))
 8 SYSTEMPATH\CodeIgniter.php(340): CodeIgniter\CodeIgniter->handleRequest(null, Object(Config\Cache), false)
 9 SYSTEMPATH\Boot.php(417): CodeIgniter\CodeIgniter->run()
10 SYSTEMPATH\Boot.php(68): CodeIgniter\Boot::runCodeIgniter(Object(CodeIgniter\CodeIgniter))
11 FCPATH\index.php(59): CodeIgniter\Boot::bootWeb(Object(Config\Paths))
12 SYSTEMPATH\rewrite.php(44): require_once('D:\\EXAMEN FINALE\\EXAMEN_FINAL_S4_BINOME\\public\\index.php')
CRITICAL - 2026-07-20 14:40:15 --> [Caused by] Exception: Unable to prepare statement: 1, row value misused
in SYSTEMPATH\Database\SQLite3\Connection.php on line 164.
 1 SYSTEMPATH\Database\SQLite3\Connection.php(164): SQLite3->query('SELECT `od`.`nom` as `operateur_nom`, `od`.`est_interne`, SUM(h.montant) as total_montant_brut, SUM(h.frais_bareme) as total_frais_bareme, COALESCE(cc.pourcentage_commission, 0) as pourcentage_commission, SUM(h.montant + (h.frais_bareme * (cc.pourcentage_commission, 0) / 100.0)) as total_a_envoyer, COUNT(h.id) as nombre_transfers
FROM `historique_transactions` `h`
JOIN `types_operations` `t` ON `t`.`id` = `h`.`type_operation_id`
JOIN `comptes_clients` `cs` ON `cs`.`id` = `h`.`compte_source_id`
LEFT JOIN `operateur_prefixes` `ops` ON `ops`.`prefixe` = substr(cs.numero_telephone, 1, 3) AND `ops`.`statut` = \'actif\'
LEFT JOIN `operateurs` `os` ON `os`.`id` = `ops`.`operateur_id`
JOIN `operateurs` `od` ON `od`.`id` = `h`.`operateur_destination_id`
LEFT JOIN `configuration_commissions` `cc` ON `cc`.`operateur_source_id` = `os`.`id` AND `cc`.`operateur_destination_id` = `od`.`id`
WHERE `t`.`code` = \'TRANSFERT\'
AND `os`.`est_interne` = 1
AND `od`.`est_interne` = 0
GROUP BY `od`.`id`, `od`.`nom`, `od`.`est_interne`, `cc`.`pourcentage_commission`')
 2 SYSTEMPATH\Database\BaseConnection.php(910): CodeIgniter\Database\SQLite3\Connection->execute('SELECT `od`.`nom` as `operateur_nom`, `od`.`est_interne`, SUM(h.montant) as total_montant_brut, SUM(h.frais_bareme) as total_frais_bareme, COALESCE(cc.pourcentage_commission, 0) as pourcentage_commission, SUM(h.montant + (h.frais_bareme * (cc.pourcentage_commission, 0) / 100.0)) as total_a_envoyer, COUNT(h.id) as nombre_transfers
FROM `historique_transactions` `h`
JOIN `types_operations` `t` ON `t`.`id` = `h`.`type_operation_id`
JOIN `comptes_clients` `cs` ON `cs`.`id` = `h`.`compte_source_id`
LEFT JOIN `operateur_prefixes` `ops` ON `ops`.`prefixe` = substr(cs.numero_telephone, 1, 3) AND `ops`.`statut` = \'actif\'
LEFT JOIN `operateurs` `os` ON `os`.`id` = `ops`.`operateur_id`
JOIN `operateurs` `od` ON `od`.`id` = `h`.`operateur_destination_id`
LEFT JOIN `configuration_commissions` `cc` ON `cc`.`operateur_source_id` = `os`.`id` AND `cc`.`operateur_destination_id` = `od`.`id`
WHERE `t`.`code` = \'TRANSFERT\'
AND `os`.`est_interne` = 1
AND `od`.`est_interne` = 0
GROUP BY `od`.`id`, `od`.`nom`, `od`.`est_interne`, `cc`.`pourcentage_commission`')
 3 SYSTEMPATH\Database\BaseConnection.php(827): CodeIgniter\Database\BaseConnection->simpleQuery('SELECT `od`.`nom` as `operateur_nom`, `od`.`est_interne`, SUM(h.montant) as total_montant_brut, SUM(h.frais_bareme) as total_frais_bareme, COALESCE(cc.pourcentage_commission, 0) as pourcentage_commission, SUM(h.montant + (h.frais_bareme * (cc.pourcentage_commission, 0) / 100.0)) as total_a_envoyer, COUNT(h.id) as nombre_transfers
FROM `historique_transactions` `h`
JOIN `types_operations` `t` ON `t`.`id` = `h`.`type_operation_id`
JOIN `comptes_clients` `cs` ON `cs`.`id` = `h`.`compte_source_id`
LEFT JOIN `operateur_prefixes` `ops` ON `ops`.`prefixe` = substr(cs.numero_telephone, 1, 3) AND `ops`.`statut` = \'actif\'
LEFT JOIN `operateurs` `os` ON `os`.`id` = `ops`.`operateur_id`
JOIN `operateurs` `od` ON `od`.`id` = `h`.`operateur_destination_id`
LEFT JOIN `configuration_commissions` `cc` ON `cc`.`operateur_source_id` = `os`.`id` AND `cc`.`operateur_destination_id` = `od`.`id`
WHERE `t`.`code` = \'TRANSFERT\'
AND `os`.`est_interne` = 1
AND `od`.`est_interne` = 0
GROUP BY `od`.`id`, `od`.`nom`, `od`.`est_interne`, `cc`.`pourcentage_commission`')
 4 SYSTEMPATH\Database\BaseBuilder.php(1649): CodeIgniter\Database\BaseConnection->query('SELECT `od`.`nom` as `operateur_nom`, `od`.`est_interne`, SUM(h.montant) as total_montant_brut, SUM(h.frais_bareme) as total_frais_bareme, COALESCE(cc.pourcentage_commission, 0) as pourcentage_commission, SUM(h.montant + (h.frais_bareme * (cc.pourcentage_commission, 0) / 100.0)) as total_a_envoyer, COUNT(h.id) as nombre_transfers
FROM `historique_transactions` `h`
JOIN `types_operations` `t` ON `t`.`id` = `h`.`type_operation_id`
JOIN `comptes_clients` `cs` ON `cs`.`id` = `h`.`compte_source_id`
LEFT JOIN `operateur_prefixes` `ops` ON `ops`.`prefixe` = substr(cs.numero_telephone, 1, 3) AND `ops`.`statut` = \'actif\'
LEFT JOIN `operateurs` `os` ON `os`.`id` = `ops`.`operateur_id`
JOIN `operateurs` `od` ON `od`.`id` = `h`.`operateur_destination_id`
LEFT JOIN `configuration_commissions` `cc` ON `cc`.`operateur_source_id` = `os`.`id` AND `cc`.`operateur_destination_id` = `od`.`id`
WHERE `t`.`code` = :t.code:
AND `os`.`est_interne` = :os.est_interne:
AND `od`.`est_interne` = :od.est_interne:
GROUP BY `od`.`id`, `od`.`nom`, `od`.`est_interne`, `cc`.`pourcentage_commission`', [...], false)
 5 APPPATH\Models\HistoriqueTransactionModel.php(155): CodeIgniter\Database\BaseBuilder->get()
 6 APPPATH\Controllers\Operateur.php(393): App\Models\HistoriqueTransactionModel->obtenirMontantsParOperateur()
 7 SYSTEMPATH\CodeIgniter.php(951): App\Controllers\Operateur->montant()
 8 SYSTEMPATH\CodeIgniter.php(497): CodeIgniter\CodeIgniter->runController(Object(App\Controllers\Operateur))
 9 SYSTEMPATH\CodeIgniter.php(340): CodeIgniter\CodeIgniter->handleRequest(null, Object(Config\Cache), false)
10 SYSTEMPATH\Boot.php(417): CodeIgniter\CodeIgniter->run()
11 SYSTEMPATH\Boot.php(68): CodeIgniter\Boot::runCodeIgniter(Object(CodeIgniter\CodeIgniter))
12 FCPATH\index.php(59): CodeIgniter\Boot::bootWeb(Object(Config\Paths))
13 SYSTEMPATH\rewrite.php(44): require_once('D:\\EXAMEN FINALE\\EXAMEN_FINAL_S4_BINOME\\public\\index.php')
DEBUG - 2026-07-20 14:41:28 --> Session: Class initialized using 'CodeIgniter\Session\Handlers\FileHandler' driver.
DEBUG - 2026-07-20 18:10:07 --> Session: Class initialized using 'CodeIgniter\Session\Handlers\FileHandler' driver.
DEBUG - 2026-07-20 18:10:07 --> Session: Class initialized using 'CodeIgniter\Session\Handlers\FileHandler' driver.
DEBUG - 2026-07-20 18:10:10 --> Session: Class initialized using 'CodeIgniter\Session\Handlers\FileHandler' driver.
DEBUG - 2026-07-20 18:10:12 --> Session: Class initialized using 'CodeIgniter\Session\Handlers\FileHandler' driver.
DEBUG - 2026-07-20 18:10:12 --> Session: Class initialized using 'CodeIgniter\Session\Handlers\FileHandler' driver.
DEBUG - 2026-07-20 18:10:20 --> Session: Class initialized using 'CodeIgniter\Session\Handlers\FileHandler' driver.
DEBUG - 2026-07-20 18:10:22 --> Session: Class initialized using 'CodeIgniter\Session\Handlers\FileHandler' driver.
DEBUG - 2026-07-20 18:10:24 --> Session: Class initialized using 'CodeIgniter\Session\Handlers\FileHandler' driver.
DEBUG - 2026-07-20 18:10:25 --> Session: Class initialized using 'CodeIgniter\Session\Handlers\FileHandler' driver.
DEBUG - 2026-07-20 20:45:32 --> Session: Class initialized using 'CodeIgniter\Session\Handlers\FileHandler' driver.
DEBUG - 2026-07-20 20:45:33 --> Session: Class initialized using 'CodeIgniter\Session\Handlers\FileHandler' driver.
DEBUG - 2026-07-20 20:45:41 --> Session: Class initialized using 'CodeIgniter\Session\Handlers\FileHandler' driver.
DEBUG - 2026-07-20 20:45:41 --> Session: Class initialized using 'CodeIgniter\Session\Handlers\FileHandler' driver.
DEBUG - 2026-07-20 20:45:43 --> Session: Class initialized using 'CodeIgniter\Session\Handlers\FileHandler' driver.
DEBUG - 2026-07-20 20:45:49 --> Session: Class initialized using 'CodeIgniter\Session\Handlers\FileHandler' driver.
DEBUG - 2026-07-20 20:45:49 --> Session: Class initialized using 'CodeIgniter\Session\Handlers\FileHandler' driver.
DEBUG - 2026-07-20 20:45:58 --> Session: Class initialized using 'CodeIgniter\Session\Handlers\FileHandler' driver.
DEBUG - 2026-07-20 20:46:10 --> Session: Class initialized using 'CodeIgniter\Session\Handlers\FileHandler' driver.
DEBUG - 2026-07-20 20:46:15 --> Session: Class initialized using 'CodeIgniter\Session\Handlers\FileHandler' driver.
DEBUG - 2026-07-20 20:46:45 --> Session: Class initialized using 'CodeIgniter\Session\Handlers\FileHandler' driver.
DEBUG - 2026-07-20 20:46:45 --> Session: Class initialized using 'CodeIgniter\Session\Handlers\FileHandler' driver.
DEBUG - 2026-07-20 20:46:52 --> Session: Class initialized using 'CodeIgniter\Session\Handlers\FileHandler' driver.
DEBUG - 2026-07-20 20:46:52 --> Session: Class initialized using 'CodeIgniter\Session\Handlers\FileHandler' driver.
DEBUG - 2026-07-20 20:46:54 --> Session: Class initialized using 'CodeIgniter\Session\Handlers\FileHandler' driver.
DEBUG - 2026-07-20 20:46:55 --> Session: Class initialized using 'CodeIgniter\Session\Handlers\FileHandler' driver.
DEBUG - 2026-07-20 20:46:55 --> Session: Class initialized using 'CodeIgniter\Session\Handlers\FileHandler' driver.
DEBUG - 2026-07-20 20:47:04 --> Session: Class initialized using 'CodeIgniter\Session\Handlers\FileHandler' driver.
DEBUG - 2026-07-20 20:48:43 --> Session: Class initialized using 'CodeIgniter\Session\Handlers\FileHandler' driver.
DEBUG - 2026-07-20 20:48:46 --> Session: Class initialized using 'CodeIgniter\Session\Handlers\FileHandler' driver.
DEBUG - 2026-07-20 20:48:46 --> Session: Class initialized using 'CodeIgniter\Session\Handlers\FileHandler' driver.
DEBUG - 2026-07-20 20:48:49 --> Session: Class initialized using 'CodeIgniter\Session\Handlers\FileHandler' driver.
DEBUG - 2026-07-20 20:48:59 --> Session: Class initialized using 'CodeIgniter\Session\Handlers\FileHandler' driver.
DEBUG - 2026-07-20 20:48:59 --> Session: Class initialized using 'CodeIgniter\Session\Handlers\FileHandler' driver.
DEBUG - 2026-07-20 20:49:00 --> Session: Class initialized using 'CodeIgniter\Session\Handlers\FileHandler' driver.
DEBUG - 2026-07-20 20:49:08 --> Session: Class initialized using 'CodeIgniter\Session\Handlers\FileHandler' driver.
DEBUG - 2026-07-20 20:49:09 --> Session: Class initialized using 'CodeIgniter\Session\Handlers\FileHandler' driver.
DEBUG - 2026-07-20 20:49:12 --> Session: Class initialized using 'CodeIgniter\Session\Handlers\FileHandler' driver.
DEBUG - 2026-07-20 20:49:17 --> Session: Class initialized using 'CodeIgniter\Session\Handlers\FileHandler' driver.
DEBUG - 2026-07-20 20:49:19 --> Session: Class initialized using 'CodeIgniter\Session\Handlers\FileHandler' driver.
DEBUG - 2026-07-20 20:49:29 --> Session: Class initialized using 'CodeIgniter\Session\Handlers\FileHandler' driver.
DEBUG - 2026-07-20 20:49:29 --> Session: Class initialized using 'CodeIgniter\Session\Handlers\FileHandler' driver.
DEBUG - 2026-07-20 20:49:46 --> Session: Class initialized using 'CodeIgniter\Session\Handlers\FileHandler' driver.
DEBUG - 2026-07-20 20:49:46 --> Session: Class initialized using 'CodeIgniter\Session\Handlers\FileHandler' driver.
DEBUG - 2026-07-20 20:49:49 --> Session: Class initialized using 'CodeIgniter\Session\Handlers\FileHandler' driver.
DEBUG - 2026-07-20 20:49:50 --> Session: Class initialized using 'CodeIgniter\Session\Handlers\FileHandler' driver.
DEBUG - 2026-07-20 20:49:50 --> Session: Class initialized using 'CodeIgniter\Session\Handlers\FileHandler' driver.
DEBUG - 2026-07-20 20:50:23 --> Session: Class initialized using 'CodeIgniter\Session\Handlers\FileHandler' driver.
DEBUG - 2026-07-20 20:53:08 --> Session: Class initialized using 'CodeIgniter\Session\Handlers\FileHandler' driver.
DEBUG - 2026-07-20 20:53:11 --> Session: Class initialized using 'CodeIgniter\Session\Handlers\FileHandler' driver.
DEBUG - 2026-07-20 20:56:55 --> Session: Class initialized using 'CodeIgniter\Session\Handlers\FileHandler' driver.
DEBUG - 2026-07-20 20:58:12 --> Session: Class initialized using 'CodeIgniter\Session\Handlers\FileHandler' driver.
CRITICAL - 2026-07-20 20:58:12 --> TypeError: number_format(): Argument #1 ($num) must be of type float, string given
[Method: GET, Route: operateur/gains]
in APPPATH\Views\operateur\gains.php on line 29.
 1 APPPATH\Views\operateur\gains.php(29): number_format('150,00', 2, ',', ' ')
 2 SYSTEMPATH\View\View.php(240): include('D:\\ITU\\S4\\Systeme d\'information\\EXAMEN_FINAL_S4_BINOME\\app\\Views\\operateur\\gains.php')
 3 SYSTEMPATH\View\View.php(243): CodeIgniter\View\View->CodeIgniter\View\{closure}()
 4 SYSTEMPATH\Common.php(1250): CodeIgniter\View\View->render('operateur/gains', [], true)
 5 APPPATH\Controllers\Operateur.php(133): view('operateur/gains', [...])
 6 SYSTEMPATH\CodeIgniter.php(951): App\Controllers\Operateur->gains()
 7 SYSTEMPATH\CodeIgniter.php(497): CodeIgniter\CodeIgniter->runController(Object(App\Controllers\Operateur))
 8 SYSTEMPATH\CodeIgniter.php(340): CodeIgniter\CodeIgniter->handleRequest(null, Object(Config\Cache), false)
 9 SYSTEMPATH\Boot.php(417): CodeIgniter\CodeIgniter->run()
10 SYSTEMPATH\Boot.php(68): CodeIgniter\Boot::runCodeIgniter(Object(CodeIgniter\CodeIgniter))
11 FCPATH\index.php(59): CodeIgniter\Boot::bootWeb(Object(Config\Paths))
12 SYSTEMPATH\rewrite.php(44): require_once('D:\\ITU\\S4\\Systeme d\'information\\EXAMEN_FINAL_S4_BINOME\\public\\index.php')
DEBUG - 2026-07-20 20:59:13 --> Session: Class initialized using 'CodeIgniter\Session\Handlers\FileHandler' driver.
CRITICAL - 2026-07-20 20:59:13 --> TypeError: number_format(): Argument #1 ($num) must be of type float, string given
[Method: GET, Route: operateur/gains]
in APPPATH\Views\operateur\gains.php on line 29.
 1 APPPATH\Views\operateur\gains.php(29): number_format('150,00', 2, ',', ' ')
 2 SYSTEMPATH\View\View.php(240): include('D:\\ITU\\S4\\Systeme d\'information\\EXAMEN_FINAL_S4_BINOME\\app\\Views\\operateur\\gains.php')
 3 SYSTEMPATH\View\View.php(243): CodeIgniter\View\View->CodeIgniter\View\{closure}()
 4 SYSTEMPATH\Common.php(1250): CodeIgniter\View\View->render('operateur/gains', [], true)
 5 APPPATH\Controllers\Operateur.php(133): view('operateur/gains', [...])
 6 SYSTEMPATH\CodeIgniter.php(951): App\Controllers\Operateur->gains()
 7 SYSTEMPATH\CodeIgniter.php(497): CodeIgniter\CodeIgniter->runController(Object(App\Controllers\Operateur))
 8 SYSTEMPATH\CodeIgniter.php(340): CodeIgniter\CodeIgniter->handleRequest(null, Object(Config\Cache), false)
 9 SYSTEMPATH\Boot.php(417): CodeIgniter\CodeIgniter->run()
10 SYSTEMPATH\Boot.php(68): CodeIgniter\Boot::runCodeIgniter(Object(CodeIgniter\CodeIgniter))
11 FCPATH\index.php(59): CodeIgniter\Boot::bootWeb(Object(Config\Paths))
12 SYSTEMPATH\rewrite.php(44): require_once('D:\\ITU\\S4\\Systeme d\'information\\EXAMEN_FINAL_S4_BINOME\\public\\index.php')
DEBUG - 2026-07-20 20:59:14 --> Session: Class initialized using 'CodeIgniter\Session\Handlers\FileHandler' driver.
CRITICAL - 2026-07-20 20:59:14 --> TypeError: number_format(): Argument #1 ($num) must be of type float, string given
[Method: GET, Route: operateur/gains]
in APPPATH\Views\operateur\gains.php on line 29.
 1 APPPATH\Views\operateur\gains.php(29): number_format('150,00', 2, ',', ' ')
 2 SYSTEMPATH\View\View.php(240): include('D:\\ITU\\S4\\Systeme d\'information\\EXAMEN_FINAL_S4_BINOME\\app\\Views\\operateur\\gains.php')
 3 SYSTEMPATH\View\View.php(243): CodeIgniter\View\View->CodeIgniter\View\{closure}()
 4 SYSTEMPATH\Common.php(1250): CodeIgniter\View\View->render('operateur/gains', [], true)
 5 APPPATH\Controllers\Operateur.php(133): view('operateur/gains', [...])
 6 SYSTEMPATH\CodeIgniter.php(951): App\Controllers\Operateur->gains()
 7 SYSTEMPATH\CodeIgniter.php(497): CodeIgniter\CodeIgniter->runController(Object(App\Controllers\Operateur))
 8 SYSTEMPATH\CodeIgniter.php(340): CodeIgniter\CodeIgniter->handleRequest(null, Object(Config\Cache), false)
 9 SYSTEMPATH\Boot.php(417): CodeIgniter\CodeIgniter->run()
10 SYSTEMPATH\Boot.php(68): CodeIgniter\Boot::runCodeIgniter(Object(CodeIgniter\CodeIgniter))
11 FCPATH\index.php(59): CodeIgniter\Boot::bootWeb(Object(Config\Paths))
12 SYSTEMPATH\rewrite.php(44): require_once('D:\\ITU\\S4\\Systeme d\'information\\EXAMEN_FINAL_S4_BINOME\\public\\index.php')
DEBUG - 2026-07-20 20:59:14 --> Session: Class initialized using 'CodeIgniter\Session\Handlers\FileHandler' driver.
CRITICAL - 2026-07-20 20:59:14 --> TypeError: number_format(): Argument #1 ($num) must be of type float, string given
[Method: GET, Route: operateur/gains]
in APPPATH\Views\operateur\gains.php on line 29.
 1 APPPATH\Views\operateur\gains.php(29): number_format('150,00', 2, ',', ' ')
 2 SYSTEMPATH\View\View.php(240): include('D:\\ITU\\S4\\Systeme d\'information\\EXAMEN_FINAL_S4_BINOME\\app\\Views\\operateur\\gains.php')
 3 SYSTEMPATH\View\View.php(243): CodeIgniter\View\View->CodeIgniter\View\{closure}()
 4 SYSTEMPATH\Common.php(1250): CodeIgniter\View\View->render('operateur/gains', [], true)
 5 APPPATH\Controllers\Operateur.php(133): view('operateur/gains', [...])
 6 SYSTEMPATH\CodeIgniter.php(951): App\Controllers\Operateur->gains()
 7 SYSTEMPATH\CodeIgniter.php(497): CodeIgniter\CodeIgniter->runController(Object(App\Controllers\Operateur))
 8 SYSTEMPATH\CodeIgniter.php(340): CodeIgniter\CodeIgniter->handleRequest(null, Object(Config\Cache), false)
 9 SYSTEMPATH\Boot.php(417): CodeIgniter\CodeIgniter->run()
10 SYSTEMPATH\Boot.php(68): CodeIgniter\Boot::runCodeIgniter(Object(CodeIgniter\CodeIgniter))
11 FCPATH\index.php(59): CodeIgniter\Boot::bootWeb(Object(Config\Paths))
12 SYSTEMPATH\rewrite.php(44): require_once('D:\\ITU\\S4\\Systeme d\'information\\EXAMEN_FINAL_S4_BINOME\\public\\index.php')
DEBUG - 2026-07-20 21:01:08 --> Session: Class initialized using 'CodeIgniter\Session\Handlers\FileHandler' driver.
CRITICAL - 2026-07-20 21:01:08 --> TypeError: number_format(): Argument #1 ($num) must be of type float, string given
[Method: GET, Route: operateur/gains]
in APPPATH\Views\operateur\gains.php on line 39.
 1 APPPATH\Views\operateur\gains.php(39): number_format('1,25', 2, ',', ' ')
 2 SYSTEMPATH\View\View.php(240): include('D:\\ITU\\S4\\Systeme d\'information\\EXAMEN_FINAL_S4_BINOME\\app\\Views\\operateur\\gains.php')
 3 SYSTEMPATH\View\View.php(243): CodeIgniter\View\View->CodeIgniter\View\{closure}()
 4 SYSTEMPATH\Common.php(1250): CodeIgniter\View\View->render('operateur/gains', [], true)
 5 APPPATH\Controllers\Operateur.php(133): view('operateur/gains', [...])
 6 SYSTEMPATH\CodeIgniter.php(951): App\Controllers\Operateur->gains()
 7 SYSTEMPATH\CodeIgniter.php(497): CodeIgniter\CodeIgniter->runController(Object(App\Controllers\Operateur))
 8 SYSTEMPATH\CodeIgniter.php(340): CodeIgniter\CodeIgniter->handleRequest(null, Object(Config\Cache), false)
 9 SYSTEMPATH\Boot.php(417): CodeIgniter\CodeIgniter->run()
10 SYSTEMPATH\Boot.php(68): CodeIgniter\Boot::runCodeIgniter(Object(CodeIgniter\CodeIgniter))
11 FCPATH\index.php(59): CodeIgniter\Boot::bootWeb(Object(Config\Paths))
12 SYSTEMPATH\rewrite.php(44): require_once('D:\\ITU\\S4\\Systeme d\'information\\EXAMEN_FINAL_S4_BINOME\\public\\index.php')
DEBUG - 2026-07-20 21:01:10 --> Session: Class initialized using 'CodeIgniter\Session\Handlers\FileHandler' driver.
CRITICAL - 2026-07-20 21:01:10 --> TypeError: number_format(): Argument #1 ($num) must be of type float, string given
[Method: GET, Route: operateur/gains]
in APPPATH\Views\operateur\gains.php on line 39.
 1 APPPATH\Views\operateur\gains.php(39): number_format('1,25', 2, ',', ' ')
 2 SYSTEMPATH\View\View.php(240): include('D:\\ITU\\S4\\Systeme d\'information\\EXAMEN_FINAL_S4_BINOME\\app\\Views\\operateur\\gains.php')
 3 SYSTEMPATH\View\View.php(243): CodeIgniter\View\View->CodeIgniter\View\{closure}()
 4 SYSTEMPATH\Common.php(1250): CodeIgniter\View\View->render('operateur/gains', [], true)
 5 APPPATH\Controllers\Operateur.php(133): view('operateur/gains', [...])
 6 SYSTEMPATH\CodeIgniter.php(951): App\Controllers\Operateur->gains()
 7 SYSTEMPATH\CodeIgniter.php(497): CodeIgniter\CodeIgniter->runController(Object(App\Controllers\Operateur))
 8 SYSTEMPATH\CodeIgniter.php(340): CodeIgniter\CodeIgniter->handleRequest(null, Object(Config\Cache), false)
 9 SYSTEMPATH\Boot.php(417): CodeIgniter\CodeIgniter->run()
10 SYSTEMPATH\Boot.php(68): CodeIgniter\Boot::runCodeIgniter(Object(CodeIgniter\CodeIgniter))
11 FCPATH\index.php(59): CodeIgniter\Boot::bootWeb(Object(Config\Paths))
12 SYSTEMPATH\rewrite.php(44): require_once('D:\\ITU\\S4\\Systeme d\'information\\EXAMEN_FINAL_S4_BINOME\\public\\index.php')
DEBUG - 2026-07-20 21:01:32 --> Session: Class initialized using 'CodeIgniter\Session\Handlers\FileHandler' driver.
CRITICAL - 2026-07-20 21:01:32 --> TypeError: number_format(): Argument #1 ($num) must be of type float, string given
[Method: GET, Route: operateur/gains]
in APPPATH\Views\operateur\gains.php on line 49.
 1 APPPATH\Views\operateur\gains.php(49): number_format('151,25', 2, ',', ' ')
 2 SYSTEMPATH\View\View.php(240): include('D:\\ITU\\S4\\Systeme d\'information\\EXAMEN_FINAL_S4_BINOME\\app\\Views\\operateur\\gains.php')
 3 SYSTEMPATH\View\View.php(243): CodeIgniter\View\View->CodeIgniter\View\{closure}()
 4 SYSTEMPATH\Common.php(1250): CodeIgniter\View\View->render('operateur/gains', [], true)
 5 APPPATH\Controllers\Operateur.php(133): view('operateur/gains', [...])
 6 SYSTEMPATH\CodeIgniter.php(951): App\Controllers\Operateur->gains()
 7 SYSTEMPATH\CodeIgniter.php(497): CodeIgniter\CodeIgniter->runController(Object(App\Controllers\Operateur))
 8 SYSTEMPATH\CodeIgniter.php(340): CodeIgniter\CodeIgniter->handleRequest(null, Object(Config\Cache), false)
 9 SYSTEMPATH\Boot.php(417): CodeIgniter\CodeIgniter->run()
10 SYSTEMPATH\Boot.php(68): CodeIgniter\Boot::runCodeIgniter(Object(CodeIgniter\CodeIgniter))
11 FCPATH\index.php(59): CodeIgniter\Boot::bootWeb(Object(Config\Paths))
12 SYSTEMPATH\rewrite.php(44): require_once('D:\\ITU\\S4\\Systeme d\'information\\EXAMEN_FINAL_S4_BINOME\\public\\index.php')
DEBUG - 2026-07-20 21:01:45 --> Session: Class initialized using 'CodeIgniter\Session\Handlers\FileHandler' driver.
CRITICAL - 2026-07-20 21:01:45 --> TypeError: number_format(): Argument #1 ($num) must be of type float, string given
[Method: GET, Route: operateur/gains]
in APPPATH\Views\operateur\gains.php on line 66.
 1 APPPATH\Views\operateur\gains.php(66): number_format('0,00', 2, ',', ' ')
 2 SYSTEMPATH\View\View.php(240): include('D:\\ITU\\S4\\Systeme d\'information\\EXAMEN_FINAL_S4_BINOME\\app\\Views\\operateur\\gains.php')
 3 SYSTEMPATH\View\View.php(243): CodeIgniter\View\View->CodeIgniter\View\{closure}()
 4 SYSTEMPATH\Common.php(1250): CodeIgniter\View\View->render('operateur/gains', [], true)
 5 APPPATH\Controllers\Operateur.php(133): view('operateur/gains', [...])
 6 SYSTEMPATH\CodeIgniter.php(951): App\Controllers\Operateur->gains()
 7 SYSTEMPATH\CodeIgniter.php(497): CodeIgniter\CodeIgniter->runController(Object(App\Controllers\Operateur))
 8 SYSTEMPATH\CodeIgniter.php(340): CodeIgniter\CodeIgniter->handleRequest(null, Object(Config\Cache), false)
 9 SYSTEMPATH\Boot.php(417): CodeIgniter\CodeIgniter->run()
10 SYSTEMPATH\Boot.php(68): CodeIgniter\Boot::runCodeIgniter(Object(CodeIgniter\CodeIgniter))
11 FCPATH\index.php(59): CodeIgniter\Boot::bootWeb(Object(Config\Paths))
12 SYSTEMPATH\rewrite.php(44): require_once('D:\\ITU\\S4\\Systeme d\'information\\EXAMEN_FINAL_S4_BINOME\\public\\index.php')
DEBUG - 2026-07-20 21:02:07 --> Session: Class initialized using 'CodeIgniter\Session\Handlers\FileHandler' driver.
CRITICAL - 2026-07-20 21:02:07 --> TypeError: number_format(): Argument #1 ($num) must be of type float, string given
[Method: GET, Route: operateur/gains]
in APPPATH\Views\operateur\gains.php on line 98.
 1 APPPATH\Views\operateur\gains.php(98): number_format('1,25', 2, ',', ' ')
 2 SYSTEMPATH\View\View.php(240): include('D:\\ITU\\S4\\Systeme d\'information\\EXAMEN_FINAL_S4_BINOME\\app\\Views\\operateur\\gains.php')
 3 SYSTEMPATH\View\View.php(243): CodeIgniter\View\View->CodeIgniter\View\{closure}()
 4 SYSTEMPATH\Common.php(1250): CodeIgniter\View\View->render('operateur/gains', [], true)
 5 APPPATH\Controllers\Operateur.php(133): view('operateur/gains', [...])
 6 SYSTEMPATH\CodeIgniter.php(951): App\Controllers\Operateur->gains()
 7 SYSTEMPATH\CodeIgniter.php(497): CodeIgniter\CodeIgniter->runController(Object(App\Controllers\Operateur))
 8 SYSTEMPATH\CodeIgniter.php(340): CodeIgniter\CodeIgniter->handleRequest(null, Object(Config\Cache), false)
 9 SYSTEMPATH\Boot.php(417): CodeIgniter\CodeIgniter->run()
10 SYSTEMPATH\Boot.php(68): CodeIgniter\Boot::runCodeIgniter(Object(CodeIgniter\CodeIgniter))
11 FCPATH\index.php(59): CodeIgniter\Boot::bootWeb(Object(Config\Paths))
12 SYSTEMPATH\rewrite.php(44): require_once('D:\\ITU\\S4\\Systeme d\'information\\EXAMEN_FINAL_S4_BINOME\\public\\index.php')
DEBUG - 2026-07-20 21:02:39 --> Session: Class initialized using 'CodeIgniter\Session\Handlers\FileHandler' driver.
DEBUG - 2026-07-20 21:04:44 --> Session: Class initialized using 'CodeIgniter\Session\Handlers\FileHandler' driver.
DEBUG - 2026-07-20 21:04:46 --> Session: Class initialized using 'CodeIgniter\Session\Handlers\FileHandler' driver.
DEBUG - 2026-07-20 21:04:47 --> Session: Class initialized using 'CodeIgniter\Session\Handlers\FileHandler' driver.
DEBUG - 2026-07-20 21:04:49 --> Session: Class initialized using 'CodeIgniter\Session\Handlers\FileHandler' driver.
DEBUG - 2026-07-20 21:04:51 --> Session: Class initialized using 'CodeIgniter\Session\Handlers\FileHandler' driver.
DEBUG - 2026-07-20 21:04:53 --> Session: Class initialized using 'CodeIgniter\Session\Handlers\FileHandler' driver.
DEBUG - 2026-07-20 21:04:53 --> Session: Class initialized using 'CodeIgniter\Session\Handlers\FileHandler' driver.
DEBUG - 2026-07-20 21:04:56 --> Session: Class initialized using 'CodeIgniter\Session\Handlers\FileHandler' driver.
DEBUG - 2026-07-20 21:04:56 --> Session: Class initialized using 'CodeIgniter\Session\Handlers\FileHandler' driver.
